Command line invocation:
    /Applications/Xcode.app/Contents/Developer/usr/bin/xcodebuild -project /Volumes/SN550-2T/freewind-demos/swift-string-operations-demo/swift_string_operations_demo.xcodeproj -scheme swift_string_operations_demo -configuration Debug -destination platform=macOS,arch=x86_64 -derivedDataPath /Volumes/SN550-2T/freewind-demos/swift-string-operations-demo/build/out/DerivedData ONLY_ACTIVE_ARCH=YES ARCHS=x86_64 CONFIGURATION_BUILD_DIR=/Volumes/SN550-2T/freewind-demos/swift-string-operations-demo/build/out/Debug build

Build settings from command line:
    ARCHS = x86_64
    CONFIGURATION_BUILD_DIR = /Volumes/SN550-2T/freewind-demos/swift-string-operations-demo/build/out/Debug
    ONLY_ACTIVE_ARCH = YES

ComputePackagePrebuildTargetDependencyGraph

Prepare packages

CreateBuildRequest

SendProjectDescription

CreateBuildOperation

ComputeTargetDependencyGraph
note: Building targets in dependency order
note: Target dependency graph (1 target)
    Target 'swift_string_operations_demo' in project 'swift_string_operations_demo' (no dependencies)

GatherProvisioningInputs

CreateBuildDescription

ExecuteExternalTool /Applications/Xcode.app/Contents/Developer/Toolchains/XcodeDefault.xctoolchain/usr/bin/clang -v -E -dM -isysroot /Applications/Xcode.app/Contents/Developer/Platforms/MacOSX.platform/Developer/SDKs/MacOSX26.2.sdk -x c -c /dev/null

ExecuteExternalTool /Applications/Xcode.app/Contents/Developer/Toolchains/XcodeDefault.xctoolchain/usr/bin/swiftc --version

ExecuteExternalTool /Applications/Xcode.app/Contents/Developer/Toolchains/XcodeDefault.xctoolchain/usr/bin/ld -version_details

Build description signature: e1044917d4f5b2a7fd44e92589eab84b
Build description path: /Volumes/SN550-2T/freewind-demos/swift-string-operations-demo/build/out/DerivedData/Build/Intermediates.noindex/XCBuildData/e1044917d4f5b2a7fd44e92589eab84b.xcbuilddata
CreateBuildDirectory /Volumes/SN550-2T/freewind-demos/swift-string-operations-demo/build/out/DerivedData/Build/Products
    cd /Volumes/SN550-2T/freewind-demos/swift-string-operations-demo/swift_string_operations_demo.xcodeproj
    builtin-create-build-directory /Volumes/SN550-2T/freewind-demos/swift-string-operations-demo/build/out/DerivedData/Build/Products

CreateBuildDirectory /Volumes/SN550-2T/freewind-demos/swift-string-operations-demo/build/out/DerivedData/Build/Intermediates.noindex
    cd /Volumes/SN550-2T/freewind-demos/swift-string-operations-demo/swift_string_operations_demo.xcodeproj
    builtin-create-build-directory /Volumes/SN550-2T/freewind-demos/swift-string-operations-demo/build/out/DerivedData/Build/Intermediates.noindex

CreateBuildDirectory /Volumes/SN550-2T/freewind-demos/swift-string-operations-demo/build/out/Debug
    cd /Volumes/SN550-2T/freewind-demos/swift-string-operations-demo/swift_string_operations_demo.xcodeproj
    builtin-create-build-directory /Volumes/SN550-2T/freewind-demos/swift-string-operations-demo/build/out/Debug

ClangStatCache /Applications/Xcode.app/Contents/Developer/Toolchains/XcodeDefault.xctoolchain/usr/bin/clang-stat-cache /Applications/Xcode.app/Contents/Developer/Platforms/MacOSX.platform/Developer/SDKs/MacOSX26.2.sdk /Volumes/SN550-2T/freewind-demos/swift-string-operations-demo/build/out/DerivedData/SDKStatCaches.noindex/macosx26.2-25C58-00fa09913b459cbbc988d1f6730289ae.sdkstatcache
    cd /Volumes/SN550-2T/freewind-demos/swift-string-operations-demo/swift_string_operations_demo.xcodeproj
    /Applications/Xcode.app/Contents/Developer/Toolchains/XcodeDefault.xctoolchain/usr/bin/clang-stat-cache /Applications/Xcode.app/Contents/Developer/Platforms/MacOSX.platform/Developer/SDKs/MacOSX26.2.sdk -o /Volumes/SN550-2T/freewind-demos/swift-string-operations-demo/build/out/DerivedData/SDKStatCaches.noindex/macosx26.2-25C58-00fa09913b459cbbc988d1f6730289ae.sdkstatcache

CreateBuildDirectory /Volumes/SN550-2T/freewind-demos/swift-string-operations-demo/build/out/DerivedData/Build/Intermediates.noindex/SwiftExplicitPrecompiledModules
    cd /Volumes/SN550-2T/freewind-demos/swift-string-operations-demo/swift_string_operations_demo.xcodeproj
    builtin-create-build-directory /Volumes/SN550-2T/freewind-demos/swift-string-operations-demo/build/out/DerivedData/Build/Intermediates.noindex/SwiftExplicitPrecompiledModules

CreateBuildDirectory /Volumes/SN550-2T/freewind-demos/swift-string-operations-demo/build/out/DerivedData/Build/Intermediates.noindex/ExplicitPrecompiledModules
    cd /Volumes/SN550-2T/freewind-demos/swift-string-operations-demo/swift_string_operations_demo.xcodeproj
    builtin-create-build-directory /Volumes/SN550-2T/freewind-demos/swift-string-operations-demo/build/out/DerivedData/Build/Intermediates.noindex/ExplicitPrecompiledModules

CreateBuildDirectory /Volumes/SN550-2T/freewind-demos/swift-string-operations-demo/build/out/DerivedData/Build/Intermediates.noindex/EagerLinkingTBDs/Debug
    cd /Volumes/SN550-2T/freewind-demos/swift-string-operations-demo/swift_string_operations_demo.xcodeproj
    builtin-create-build-directory /Volumes/SN550-2T/freewind-demos/swift-string-operations-demo/build/out/DerivedData/Build/Intermediates.noindex/EagerLinkingTBDs/Debug

WriteAuxiliaryFile /Volumes/SN550-2T/freewind-demos/swift-string-operations-demo/build/out/DerivedData/Build/Intermediates.noindex/swift_string_operations_demo.build/Debug/swift_string_operations_demo-1285f84c99903505ea6e1d41de8aaa3c-VFS/all-product-headers.yaml
    cd /Volumes/SN550-2T/freewind-demos/swift-string-operations-demo/swift_string_operations_demo.xcodeproj
    write-file /Volumes/SN550-2T/freewind-demos/swift-string-operations-demo/build/out/DerivedData/Build/Intermediates.noindex/swift_string_operations_demo.build/Debug/swift_string_operations_demo-1285f84c99903505ea6e1d41de8aaa3c-VFS/all-product-headers.yaml

WriteAuxiliaryFile /Volumes/SN550-2T/freewind-demos/swift-string-operations-demo/build/out/DerivedData/Build/Intermediates.noindex/swift_string_operations_demo.build/Debug/swift_string_operations_demo.build/swift_string_operations_demo.DependencyStaticMetadataFileList (in target 'swift_string_operations_demo' from project 'swift_string_operations_demo')
    cd /Volumes/SN550-2T/freewind-demos/swift-string-operations-demo
    write-file /Volumes/SN550-2T/freewind-demos/swift-string-operations-demo/build/out/DerivedData/Build/Intermediates.noindex/swift_string_operations_demo.build/Debug/swift_string_operations_demo.build/swift_string_operations_demo.DependencyStaticMetadataFileList

WriteAuxiliaryFile /Volumes/SN550-2T/freewind-demos/swift-string-operations-demo/build/out/DerivedData/Build/Intermediates.noindex/swift_string_operations_demo.build/Debug/swift_string_operations_demo.build/swift_string_operations_demo-own-target-headers.hmap (in target 'swift_string_operations_demo' from project 'swift_string_operations_demo')
    cd /Volumes/SN550-2T/freewind-demos/swift-string-operations-demo
    write-file /Volumes/SN550-2T/freewind-demos/swift-string-operations-demo/build/out/DerivedData/Build/Intermediates.noindex/swift_string_operations_demo.build/Debug/swift_string_operations_demo.build/swift_string_operations_demo-own-target-headers.hmap

WriteAuxiliaryFile /Volumes/SN550-2T/freewind-demos/swift-string-operations-demo/build/out/DerivedData/Build/Intermediates.noindex/swift_string_operations_demo.build/Debug/swift_string_operations_demo.build/swift_string_operations_demo.hmap (in target 'swift_string_operations_demo' from project 'swift_string_operations_demo')
    cd /Volumes/SN550-2T/freewind-demos/swift-string-operations-demo
    write-file /Volumes/SN550-2T/freewind-demos/swift-string-operations-demo/build/out/DerivedData/Build/Intermediates.noindex/swift_string_operations_demo.build/Debug/swift_string_operations_demo.build/swift_string_operations_demo.hmap

WriteAuxiliaryFile /Volumes/SN550-2T/freewind-demos/swift-string-operations-demo/build/out/DerivedData/Build/Intermediates.noindex/swift_string_operations_demo.build/Debug/swift_string_operations_demo.build/swift_string_operations_demo-generated-files.hmap (in target 'swift_string_operations_demo' from project 'swift_string_operations_demo')
    cd /Volumes/SN550-2T/freewind-demos/swift-string-operations-demo
    write-file /Volumes/SN550-2T/freewind-demos/swift-string-operations-demo/build/out/DerivedData/Build/Intermediates.noindex/swift_string_operations_demo.build/Debug/swift_string_operations_demo.build/swift_string_operations_demo-generated-files.hmap

WriteAuxiliaryFile /Volumes/SN550-2T/freewind-demos/swift-string-operations-demo/build/out/DerivedData/Build/Intermediates.noindex/swift_string_operations_demo.build/Debug/swift_string_operations_demo.build/swift_string_operations_demo-project-headers.hmap (in target 'swift_string_operations_demo' from project 'swift_string_operations_demo')
    cd /Volumes/SN550-2T/freewind-demos/swift-string-operations-demo
    write-file /Volumes/SN550-2T/freewind-demos/swift-string-operations-demo/build/out/DerivedData/Build/Intermediates.noindex/swift_string_operations_demo.build/Debug/swift_string_operations_demo.build/swift_string_operations_demo-project-headers.hmap

WriteAuxiliaryFile /Volumes/SN550-2T/freewind-demos/swift-string-operations-demo/build/out/DerivedData/Build/Intermediates.noindex/swift_string_operations_demo.build/Debug/swift_string_operations_demo.build/swift_string_operations_demo-all-non-framework-target-headers.hmap (in target 'swift_string_operations_demo' from project 'swift_string_operations_demo')
    cd /Volumes/SN550-2T/freewind-demos/swift-string-operations-demo
    write-file /Volumes/SN550-2T/freewind-demos/swift-string-operations-demo/build/out/DerivedData/Build/Intermediates.noindex/swift_string_operations_demo.build/Debug/swift_string_operations_demo.build/swift_string_operations_demo-all-non-framework-target-headers.hmap

WriteAuxiliaryFile /Volumes/SN550-2T/freewind-demos/swift-string-operations-demo/build/out/DerivedData/Build/Intermediates.noindex/swift_string_operations_demo.build/Debug/swift_string_operations_demo.build/swift_string_operations_demo-all-target-headers.hmap (in target 'swift_string_operations_demo' from project 'swift_string_operations_demo')
    cd /Volumes/SN550-2T/freewind-demos/swift-string-operations-demo
    write-file /Volumes/SN550-2T/freewind-demos/swift-string-operations-demo/build/out/DerivedData/Build/Intermediates.noindex/swift_string_operations_demo.build/Debug/swift_string_operations_demo.build/swift_string_operations_demo-all-target-headers.hmap

WriteAuxiliaryFile /Volumes/SN550-2T/freewind-demos/swift-string-operations-demo/build/out/DerivedData/Build/Intermediates.noindex/swift_string_operations_demo.build/Debug/swift_string_operations_demo.build/swift_string_operations_demo-DebugDylibPath-normal-x86_64.txt (in target 'swift_string_operations_demo' from project 'swift_string_operations_demo')
    cd /Volumes/SN550-2T/freewind-demos/swift-string-operations-demo
    write-file /Volumes/SN550-2T/freewind-demos/swift-string-operations-demo/build/out/DerivedData/Build/Intermediates.noindex/swift_string_operations_demo.build/Debug/swift_string_operations_demo.build/swift_string_operations_demo-DebugDylibPath-normal-x86_64.txt

WriteAuxiliaryFile /Volumes/SN550-2T/freewind-demos/swift-string-operations-demo/build/out/DerivedData/Build/Intermediates.noindex/swift_string_operations_demo.build/Debug/swift_string_operations_demo.build/swift_string_operations_demo.DependencyMetadataFileList (in target 'swift_string_operations_demo' from project 'swift_string_operations_demo')
    cd /Volumes/SN550-2T/freewind-demos/swift-string-operations-demo
    write-file /Volumes/SN550-2T/freewind-demos/swift-string-operations-demo/build/out/DerivedData/Build/Intermediates.noindex/swift_string_operations_demo.build/Debug/swift_string_operations_demo.build/swift_string_operations_demo.DependencyMetadataFileList

WriteAuxiliaryFile /Volumes/SN550-2T/freewind-demos/swift-string-operations-demo/build/out/DerivedData/Build/Intermediates.noindex/swift_string_operations_demo.build/Debug/swift_string_operations_demo.build/swift_string_operations_demo-DebugDylibInstallName-normal-x86_64.txt (in target 'swift_string_operations_demo' from project 'swift_string_operations_demo')
    cd /Volumes/SN550-2T/freewind-demos/swift-string-operations-demo
    write-file /Volumes/SN550-2T/freewind-demos/swift-string-operations-demo/build/out/DerivedData/Build/Intermediates.noindex/swift_string_operations_demo.build/Debug/swift_string_operations_demo.build/swift_string_operations_demo-DebugDylibInstallName-normal-x86_64.txt

WriteAuxiliaryFile /Volumes/SN550-2T/freewind-demos/swift-string-operations-demo/build/out/DerivedData/Build/Intermediates.noindex/swift_string_operations_demo.build/Debug/swift_string_operations_demo.build/empty-swift_string_operations_demo.plist (in target 'swift_string_operations_demo' from project 'swift_string_operations_demo')
    cd /Volumes/SN550-2T/freewind-demos/swift-string-operations-demo
    write-file /Volumes/SN550-2T/freewind-demos/swift-string-operations-demo/build/out/DerivedData/Build/Intermediates.noindex/swift_string_operations_demo.build/Debug/swift_string_operations_demo.build/empty-swift_string_operations_demo.plist

WriteAuxiliaryFile /Volumes/SN550-2T/freewind-demos/swift-string-operations-demo/build/out/DerivedData/Build/Intermediates.noindex/swift_string_operations_demo.build/Debug/swift_string_operations_demo.build/Objects-normal/x86_64/swift_string_operations_demo_const_extract_protocols.json (in target 'swift_string_operations_demo' from project 'swift_string_operations_demo')
    cd /Volumes/SN550-2T/freewind-demos/swift-string-operations-demo
    write-file /Volumes/SN550-2T/freewind-demos/swift-string-operations-demo/build/out/DerivedData/Build/Intermediates.noindex/swift_string_operations_demo.build/Debug/swift_string_operations_demo.build/Objects-normal/x86_64/swift_string_operations_demo_const_extract_protocols.json

WriteAuxiliaryFile /Volumes/SN550-2T/freewind-demos/swift-string-operations-demo/build/out/DerivedData/Build/Intermediates.noindex/swift_string_operations_demo.build/Debug/swift_string_operations_demo.build/Objects-normal/x86_64/swift_string_operations_demo.SwiftConstValuesFileList (in target 'swift_string_operations_demo' from project 'swift_string_operations_demo')
    cd /Volumes/SN550-2T/freewind-demos/swift-string-operations-demo
    write-file /Volumes/SN550-2T/freewind-demos/swift-string-operations-demo/build/out/DerivedData/Build/Intermediates.noindex/swift_string_operations_demo.build/Debug/swift_string_operations_demo.build/Objects-normal/x86_64/swift_string_operations_demo.SwiftConstValuesFileList

WriteAuxiliaryFile /Volumes/SN550-2T/freewind-demos/swift-string-operations-demo/build/out/DerivedData/Build/Intermediates.noindex/swift_string_operations_demo.build/Debug/swift_string_operations_demo.build/Objects-normal/x86_64/swift_string_operations_demo.LinkFileList (in target 'swift_string_operations_demo' from project 'swift_string_operations_demo')
    cd /Volumes/SN550-2T/freewind-demos/swift-string-operations-demo
    write-file /Volumes/SN550-2T/freewind-demos/swift-string-operations-demo/build/out/DerivedData/Build/Intermediates.noindex/swift_string_operations_demo.build/Debug/swift_string_operations_demo.build/Objects-normal/x86_64/swift_string_operations_demo.LinkFileList

WriteAuxiliaryFile /Volumes/SN550-2T/freewind-demos/swift-string-operations-demo/build/out/DerivedData/Build/Intermediates.noindex/swift_string_operations_demo.build/Debug/swift_string_operations_demo.build/Objects-normal/x86_64/swift_string_operations_demo-OutputFileMap.json (in target 'swift_string_operations_demo' from project 'swift_string_operations_demo')
    cd /Volumes/SN550-2T/freewind-demos/swift-string-operations-demo
    write-file /Volumes/SN550-2T/freewind-demos/swift-string-operations-demo/build/out/DerivedData/Build/Intermediates.noindex/swift_string_operations_demo.build/Debug/swift_string_operations_demo.build/Objects-normal/x86_64/swift_string_operations_demo-OutputFileMap.json

WriteAuxiliaryFile /Volumes/SN550-2T/freewind-demos/swift-string-operations-demo/build/out/DerivedData/Build/Intermediates.noindex/swift_string_operations_demo.build/Debug/swift_string_operations_demo.build/Objects-normal/x86_64/swift_string_operations_demo.SwiftFileList (in target 'swift_string_operations_demo' from project 'swift_string_operations_demo')
    cd /Volumes/SN550-2T/freewind-demos/swift-string-operations-demo
    write-file /Volumes/SN550-2T/freewind-demos/swift-string-operations-demo/build/out/DerivedData/Build/Intermediates.noindex/swift_string_operations_demo.build/Debug/swift_string_operations_demo.build/Objects-normal/x86_64/swift_string_operations_demo.SwiftFileList

WriteAuxiliaryFile /Volumes/SN550-2T/freewind-demos/swift-string-operations-demo/build/out/DerivedData/Build/Intermediates.noindex/swift_string_operations_demo.build/Debug/swift_string_operations_demo.build/DerivedSources/Entitlements.plist (in target 'swift_string_operations_demo' from project 'swift_string_operations_demo')
    cd /Volumes/SN550-2T/freewind-demos/swift-string-operations-demo
    write-file /Volumes/SN550-2T/freewind-demos/swift-string-operations-demo/build/out/DerivedData/Build/Intermediates.noindex/swift_string_operations_demo.build/Debug/swift_string_operations_demo.build/DerivedSources/Entitlements.plist

MkDir /Volumes/SN550-2T/freewind-demos/swift-string-operations-demo/build/out/Debug/swift_string_operations_demo.app/Contents (in target 'swift_string_operations_demo' from project 'swift_string_operations_demo')
    cd /Volumes/SN550-2T/freewind-demos/swift-string-operations-demo
    /bin/mkdir -p /Volumes/SN550-2T/freewind-demos/swift-string-operations-demo/build/out/Debug/swift_string_operations_demo.app/Contents

MkDir /Volumes/SN550-2T/freewind-demos/swift-string-operations-demo/build/out/Debug/swift_string_operations_demo.app (in target 'swift_string_operations_demo' from project 'swift_string_operations_demo')
    cd /Volumes/SN550-2T/freewind-demos/swift-string-operations-demo
    /bin/mkdir -p /Volumes/SN550-2T/freewind-demos/swift-string-operations-demo/build/out/Debug/swift_string_operations_demo.app

MkDir /Volumes/SN550-2T/freewind-demos/swift-string-operations-demo/build/out/Debug/swift_string_operations_demo.app/Contents/MacOS (in target 'swift_string_operations_demo' from project 'swift_string_operations_demo')
    cd /Volumes/SN550-2T/freewind-demos/swift-string-operations-demo
    /bin/mkdir -p /Volumes/SN550-2T/freewind-demos/swift-string-operations-demo/build/out/Debug/swift_string_operations_demo.app/Contents/MacOS

ProcessProductPackaging "" /Volumes/SN550-2T/freewind-demos/swift-string-operations-demo/build/out/DerivedData/Build/Intermediates.noindex/swift_string_operations_demo.build/Debug/swift_string_operations_demo.build/swift_string_operations_demo.app.xcent (in target 'swift_string_operations_demo' from project 'swift_string_operations_demo')
    cd /Volumes/SN550-2T/freewind-demos/swift-string-operations-demo
    
    Entitlements:
    
    {
    "com.apple.security.get-task-allow" = 1;
}
    
    builtin-productPackagingUtility -entitlements -format xml -o /Volumes/SN550-2T/freewind-demos/swift-string-operations-demo/build/out/DerivedData/Build/Intermediates.noindex/swift_string_operations_demo.build/Debug/swift_string_operations_demo.build/swift_string_operations_demo.app.xcent

ProcessProductPackagingDER /Volumes/SN550-2T/freewind-demos/swift-string-operations-demo/build/out/DerivedData/Build/Intermediates.noindex/swift_string_operations_demo.build/Debug/swift_string_operations_demo.build/swift_string_operations_demo.app.xcent /Volumes/SN550-2T/freewind-demos/swift-string-operations-demo/build/out/DerivedData/Build/Intermediates.noindex/swift_string_operations_demo.build/Debug/swift_string_operations_demo.build/swift_string_operations_demo.app.xcent.der (in target 'swift_string_operations_demo' from project 'swift_string_operations_demo')
    cd /Volumes/SN550-2T/freewind-demos/swift-string-operations-demo
    /usr/bin/derq query -f xml -i /Volumes/SN550-2T/freewind-demos/swift-string-operations-demo/build/out/DerivedData/Build/Intermediates.noindex/swift_string_operations_demo.build/Debug/swift_string_operations_demo.build/swift_string_operations_demo.app.xcent -o /Volumes/SN550-2T/freewind-demos/swift-string-operations-demo/build/out/DerivedData/Build/Intermediates.noindex/swift_string_operations_demo.build/Debug/swift_string_operations_demo.build/swift_string_operations_demo.app.xcent.der --raw

Ld /Volumes/SN550-2T/freewind-demos/swift-string-operations-demo/build/out/Debug/swift_string_operations_demo.app/Contents/MacOS/__preview.dylib normal (in target 'swift_string_operations_demo' from project 'swift_string_operations_demo')
    cd /Volumes/SN550-2T/freewind-demos/swift-string-operations-demo
    /Applications/Xcode.app/Contents/Developer/Toolchains/XcodeDefault.xctoolchain/usr/bin/clang -Xlinker -reproducible -target x86_64-apple-macos14.0 -dynamiclib -isysroot /Applications/Xcode.app/Contents/Developer/Platforms/MacOSX.platform/Developer/SDKs/MacOSX26.2.sdk -O0 -L/Volumes/SN550-2T/freewind-demos/swift-string-operations-demo/build/out/Debug -F/Volumes/SN550-2T/freewind-demos/swift-string-operations-demo/build/out/Debug -install_name @rpath/swift_string_operations_demo.debug.dylib -rdynamic -Xlinker -no_deduplicate -Xlinker -dependency_info -Xlinker /Volumes/SN550-2T/freewind-demos/swift-string-operations-demo/build/out/DerivedData/Build/Intermediates.noindex/swift_string_operations_demo.build/Debug/swift_string_operations_demo.build/Objects-normal/x86_64/swift_string_operations_demo_dependency_info.dat -Xlinker -no_adhoc_codesign -o /Volumes/SN550-2T/freewind-demos/swift-string-operations-demo/build/out/Debug/swift_string_operations_demo.app/Contents/MacOS/__preview.dylib

ProcessInfoPlistFile /Volumes/SN550-2T/freewind-demos/swift-string-operations-demo/build/out/Debug/swift_string_operations_demo.app/Contents/Info.plist /Volumes/SN550-2T/freewind-demos/swift-string-operations-demo/build/out/DerivedData/Build/Intermediates.noindex/swift_string_operations_demo.build/Debug/swift_string_operations_demo.build/empty-swift_string_operations_demo.plist (in target 'swift_string_operations_demo' from project 'swift_string_operations_demo')
    cd /Volumes/SN550-2T/freewind-demos/swift-string-operations-demo
    builtin-infoPlistUtility /Volumes/SN550-2T/freewind-demos/swift-string-operations-demo/build/out/DerivedData/Build/Intermediates.noindex/swift_string_operations_demo.build/Debug/swift_string_operations_demo.build/empty-swift_string_operations_demo.plist -producttype com.apple.product-type.application -genpkginfo /Volumes/SN550-2T/freewind-demos/swift-string-operations-demo/build/out/Debug/swift_string_operations_demo.app/Contents/PkgInfo -expandbuildsettings -platform macosx -o /Volumes/SN550-2T/freewind-demos/swift-string-operations-demo/build/out/Debug/swift_string_operations_demo.app/Contents/Info.plist

SwiftDriver swift_string_operations_demo normal x86_64 com.apple.xcode.tools.swift.compiler (in target 'swift_string_operations_demo' from project 'swift_string_operations_demo')
    cd /Volumes/SN550-2T/freewind-demos/swift-string-operations-demo
    builtin-SwiftDriver -- /Applications/Xcode.app/Contents/Developer/Toolchains/XcodeDefault.xctoolchain/usr/bin/swiftc -module-name swift_string_operations_demo -Onone -enforce-exclusivity\=checked @/Volumes/SN550-2T/freewind-demos/swift-string-operations-demo/build/out/DerivedData/Build/Intermediates.noindex/swift_string_operations_demo.build/Debug/swift_string_operations_demo.build/Objects-normal/x86_64/swift_string_operations_demo.SwiftFileList -DDEBUG -enable-bare-slash-regex -enable-experimental-feature DebugDescriptionMacro -sdk /Applications/Xcode.app/Contents/Developer/Platforms/MacOSX.platform/Developer/SDKs/MacOSX26.2.sdk -target x86_64-apple-macos14.0 -g -module-cache-path /Volumes/SN550-2T/freewind-demos/swift-string-operations-demo/build/out/DerivedData/ModuleCache.noindex -Xfrontend -serialize-debugging-options -enable-testing -index-store-path /Volumes/SN550-2T/freewind-demos/swift-string-operations-demo/build/out/DerivedData/Index.noindex/DataStore -Xcc -D_LIBCPP_HARDENING_MODE\=_LIBCPP_HARDENING_MODE_DEBUG -swift-version 5 -I /Volumes/SN550-2T/freewind-demos/swift-string-operations-demo/build/out/Debug -F /Volumes/SN550-2T/freewind-demos/swift-string-operations-demo/build/out/Debug -c -j12 -enable-batch-mode -incremental -Xcc -ivfsstatcache -Xcc /Volumes/SN550-2T/freewind-demos/swift-string-operations-demo/build/out/DerivedData/SDKStatCaches.noindex/macosx26.2-25C58-00fa09913b459cbbc988d1f6730289ae.sdkstatcache -output-file-map /Volumes/SN550-2T/freewind-demos/swift-string-operations-demo/build/out/DerivedData/Build/Intermediates.noindex/swift_string_operations_demo.build/Debug/swift_string_operations_demo.build/Objects-normal/x86_64/swift_string_operations_demo-OutputFileMap.json -use-frontend-parseable-output -save-temps -no-color-diagnostics -explicit-module-build -module-cache-path /Volumes/SN550-2T/freewind-demos/swift-string-operations-demo/build/out/DerivedData/Build/Intermediates.noindex/SwiftExplicitPrecompiledModules -clang-scanner-module-cache-path /Volumes/SN550-2T/freewind-demos/swift-string-operations-demo/build/out/DerivedData/ModuleCache.noindex -sdk-module-cache-path /Volumes/SN550-2T/freewind-demos/swift-string-operations-demo/build/out/DerivedData/ModuleCache.noindex -serialize-diagnostics -emit-dependencies -emit-module -emit-module-path /Volumes/SN550-2T/freewind-demos/swift-string-operations-demo/build/out/DerivedData/Build/Intermediates.noindex/swift_string_operations_demo.build/Debug/swift_string_operations_demo.build/Objects-normal/x86_64/swift_string_operations_demo.swiftmodule -validate-clang-modules-once -clang-build-session-file /Volumes/SN550-2T/freewind-demos/swift-string-operations-demo/build/out/DerivedData/ModuleCache.noindex/Session.modulevalidation -Xcc -I/Volumes/SN550-2T/freewind-demos/swift-string-operations-demo/build/out/DerivedData/Build/Intermediates.noindex/swift_string_operations_demo.build/Debug/swift_string_operations_demo.build/swift-overrides.hmap -emit-const-values -Xfrontend -const-gather-protocols-file -Xfrontend /Volumes/SN550-2T/freewind-demos/swift-string-operations-demo/build/out/DerivedData/Build/Intermediates.noindex/swift_string_operations_demo.build/Debug/swift_string_operations_demo.build/Objects-normal/x86_64/swift_string_operations_demo_const_extract_protocols.json -Xcc -iquote -Xcc /Volumes/SN550-2T/freewind-demos/swift-string-operations-demo/build/out/DerivedData/Build/Intermediates.noindex/swift_string_operations_demo.build/Debug/swift_string_operations_demo.build/swift_string_operations_demo-generated-files.hmap -Xcc -I/Volumes/SN550-2T/freewind-demos/swift-string-operations-demo/build/out/DerivedData/Build/Intermediates.noindex/swift_string_operations_demo.build/Debug/swift_string_operations_demo.build/swift_string_operations_demo-own-target-headers.hmap -Xcc -I/Volumes/SN550-2T/freewind-demos/swift-string-operations-demo/build/out/DerivedData/Build/Intermediates.noindex/swift_string_operations_demo.build/Debug/swift_string_operations_demo.build/swift_string_operations_demo-all-target-headers.hmap -Xcc -iquote -Xcc /Volumes/SN550-2T/freewind-demos/swift-string-operations-demo/build/out/DerivedData/Build/Intermediates.noindex/swift_string_operations_demo.build/Debug/swift_string_operations_demo.build/swift_string_operations_demo-project-headers.hmap -Xcc -I/Volumes/SN550-2T/freewind-demos/swift-string-operations-demo/build/out/Debug/include -Xcc -I/Volumes/SN550-2T/freewind-demos/swift-string-operations-demo/build/out/DerivedData/Build/Intermediates.noindex/swift_string_operations_demo.build/Debug/swift_string_operations_demo.build/DerivedSources-normal/x86_64 -Xcc -I/Volumes/SN550-2T/freewind-demos/swift-string-operations-demo/build/out/DerivedData/Build/Intermediates.noindex/swift_string_operations_demo.build/Debug/swift_string_operations_demo.build/DerivedSources/x86_64 -Xcc -I/Volumes/SN550-2T/freewind-demos/swift-string-operations-demo/build/out/DerivedData/Build/Intermediates.noindex/swift_string_operations_demo.build/Debug/swift_string_operations_demo.build/DerivedSources -Xcc -DDEBUG\=1 -emit-objc-header -emit-objc-header-path /Volumes/SN550-2T/freewind-demos/swift-string-operations-demo/build/out/DerivedData/Build/Intermediates.noindex/swift_string_operations_demo.build/Debug/swift_string_operations_demo.build/Objects-normal/x86_64/swift_string_operations_demo-Swift.h -working-directory /Volumes/SN550-2T/freewind-demos/swift-string-operations-demo -experimental-emit-module-separately -disable-cmo

SwiftExplicitDependencyGeneratePcm x86_64 /Volumes/SN550-2T/freewind-demos/swift-string-operations-demo/build/out/DerivedData/ModuleCache.noindex/_Builtin_stdbool-1ANJNMC5B26PQ4ZW15YUBDUBY.pcm

SwiftExplicitDependencyGeneratePcm x86_64 /Volumes/SN550-2T/freewind-demos/swift-string-operations-demo/build/out/DerivedData/ModuleCache.noindex/_Builtin_stdarg-6VAYQYP90KOSOIWB13MNJ3ZX3.pcm

SwiftExplicitDependencyGeneratePcm x86_64 /Volumes/SN550-2T/freewind-demos/swift-string-operations-demo/build/out/DerivedData/ModuleCache.noindex/_SwiftConcurrencyShims-C7D26M3A8Z49OB41Q4REQMDLA.pcm

SwiftExplicitDependencyGeneratePcm x86_64 /Volumes/SN550-2T/freewind-demos/swift-string-operations-demo/build/out/DerivedData/ModuleCache.noindex/_Builtin_stddef-DXO2SH13IZ8OL6R00LL4AV63Z.pcm

SwiftExplicitDependencyGeneratePcm x86_64 /Volumes/SN550-2T/freewind-demos/swift-string-operations-demo/build/out/DerivedData/ModuleCache.noindex/_Builtin_float-2NT17QLHKJ5JHEHP7LI2UMFIT.pcm

SwiftExplicitDependencyGeneratePcm x86_64 /Volumes/SN550-2T/freewind-demos/swift-string-operations-demo/build/out/DerivedData/ModuleCache.noindex/ptrcheck-D7WAGEK3E00CA80A1Q208BNH4.pcm

SwiftExplicitDependencyGeneratePcm x86_64 /Volumes/SN550-2T/freewind-demos/swift-string-operations-demo/build/out/DerivedData/ModuleCache.noindex/ptrauth-1J0PHB50GEF9U1YSZAR4R7SQG.pcm

SwiftExplicitDependencyGeneratePcm x86_64 /Volumes/SN550-2T/freewind-demos/swift-string-operations-demo/build/out/DerivedData/ModuleCache.noindex/SwiftShims-AJ6IF026MEAFQRN04HLAHE1PG.pcm

SwiftExplicitDependencyGeneratePcm x86_64 /Volumes/SN550-2T/freewind-demos/swift-string-operations-demo/build/out/DerivedData/ModuleCache.noindex/_AvailabilityInternal-74TOAUQQOQ1SJWN0PXBOLMPJI.pcm

SwiftExplicitDependencyGeneratePcm x86_64 /Volumes/SN550-2T/freewind-demos/swift-string-operations-demo/build/out/DerivedData/ModuleCache.noindex/_DarwinFoundation1-2K0XX81TVVO6BIRSLIGXOI4UH.pcm

SwiftExplicitDependencyGeneratePcm x86_64 /Volumes/SN550-2T/freewind-demos/swift-string-operations-demo/build/out/DerivedData/ModuleCache.noindex/_DarwinFoundation2-CNY45MALA63OW037ZJ9ME3XYF.pcm

SwiftExplicitDependencyGeneratePcm x86_64 /Volumes/SN550-2T/freewind-demos/swift-string-operations-demo/build/out/DerivedData/ModuleCache.noindex/_Builtin_limits-8UVMPBIEXQQBTKLUQWB4WG0JR.pcm

SwiftExplicitDependencyGeneratePcm x86_64 /Volumes/SN550-2T/freewind-demos/swift-string-operations-demo/build/out/DerivedData/ModuleCache.noindex/sys_types-DMKBBD4A305CGL6P4SZN9U1PQ.pcm

SwiftExplicitDependencyGeneratePcm x86_64 /Volumes/SN550-2T/freewind-demos/swift-string-operations-demo/build/out/DerivedData/ModuleCache.noindex/_Builtin_stdint-19SPSRVSX3FQ6Z15AX6O5D2XP.pcm

SwiftExplicitDependencyGeneratePcm x86_64 /Volumes/SN550-2T/freewind-demos/swift-string-operations-demo/build/out/DerivedData/ModuleCache.noindex/libDER-1UNAE4XZXFOKEUDM1HQZ7KVZF.pcm

SwiftExplicitDependencyGeneratePcm x86_64 /Volumes/SN550-2T/freewind-demos/swift-string-operations-demo/build/out/DerivedData/ModuleCache.noindex/_DarwinFoundation3-3J4RKTCHKU66T91XQIZW0JO1H.pcm

SwiftExplicitDependencyGeneratePcm x86_64 /Volumes/SN550-2T/freewind-demos/swift-string-operations-demo/build/out/DerivedData/ModuleCache.noindex/_Builtin_intrinsics-4649389NW2P7WSWULI7TYR3QL.pcm

SwiftExplicitDependencyGeneratePcm x86_64 /Volumes/SN550-2T/freewind-demos/swift-string-operations-demo/build/out/DerivedData/ModuleCache.noindex/_Builtin_inttypes-9CMIQBIKPIC3A7R5Y40OQDV9D.pcm

SwiftExplicitDependencyGeneratePcm x86_64 /Volumes/SN550-2T/freewind-demos/swift-string-operations-demo/build/out/DerivedData/ModuleCache.noindex/Darwin-1JEO40E6HSZ389WVSESAXLTTX.pcm

SwiftExplicitDependencyGeneratePcm x86_64 /Volumes/SN550-2T/freewind-demos/swift-string-operations-demo/build/out/DerivedData/ModuleCache.noindex/launch-6ARTSX097BOAP7U15XWNMFJ3J.pcm

SwiftExplicitDependencyGeneratePcm x86_64 /Volumes/SN550-2T/freewind-demos/swift-string-operations-demo/build/out/DerivedData/ModuleCache.noindex/libkern-AIG8WW04OPV1L6RJ41N6GCOL6.pcm

SwiftExplicitDependencyGeneratePcm x86_64 /Volumes/SN550-2T/freewind-demos/swift-string-operations-demo/build/out/DerivedData/ModuleCache.noindex/MachO-54IOMXFDVXB72B72U2T56ARB2.pcm

SwiftExplicitDependencyGeneratePcm x86_64 /Volumes/SN550-2T/freewind-demos/swift-string-operations-demo/build/out/DerivedData/ModuleCache.noindex/ObjectiveC-C9CQMTXJFGSJCU1VS3UUPEIWZ.pcm

SwiftExplicitDependencyGeneratePcm x86_64 /Volumes/SN550-2T/freewind-demos/swift-string-operations-demo/build/out/DerivedData/ModuleCache.noindex/os_object-9ZS6CN7N9ZT5I0DS337H3XWXB.pcm

SwiftExplicitDependencyGeneratePcm x86_64 /Volumes/SN550-2T/freewind-demos/swift-string-operations-demo/build/out/DerivedData/ModuleCache.noindex/os_workgroup-72Z85YFH2VFB8RM4902WWWOZY.pcm

SwiftExplicitDependencyGeneratePcm x86_64 /Volumes/SN550-2T/freewind-demos/swift-string-operations-demo/build/out/DerivedData/ModuleCache.noindex/Dispatch-8ZW1275XJ0UD53ZVB21XPOPYJ.pcm

SwiftExplicitDependencyGeneratePcm x86_64 /Volumes/SN550-2T/freewind-demos/swift-string-operations-demo/build/out/DerivedData/ModuleCache.noindex/CoreFoundation-1B020A03A2AMAALFHS0GWOHOO.pcm

SwiftExplicitDependencyGeneratePcm x86_64 /Volumes/SN550-2T/freewind-demos/swift-string-operations-demo/build/out/DerivedData/ModuleCache.noindex/XPC-4SF9FLU9WOCZUM3C2BSJ1QQQ3.pcm

SwiftExplicitDependencyGeneratePcm x86_64 /Volumes/SN550-2T/freewind-demos/swift-string-operations-demo/build/out/DerivedData/ModuleCache.noindex/IOKit-AIS04AEK1GHFDIO4217FC0I06.pcm

SwiftExplicitDependencyGeneratePcm x86_64 /Volumes/SN550-2T/freewind-demos/swift-string-operations-demo/build/out/DerivedData/ModuleCache.noindex/CFNetwork-5NJMKLUOMJWRKL7G2GVR1GQA2.pcm

SwiftExplicitDependencyGeneratePcm x86_64 /Volumes/SN550-2T/freewind-demos/swift-string-operations-demo/build/out/DerivedData/ModuleCache.noindex/Security-34H7YF5ZZH4348KKK6FZVZBC0.pcm

SwiftExplicitDependencyGeneratePcm x86_64 /Volumes/SN550-2T/freewind-demos/swift-string-operations-demo/build/out/DerivedData/ModuleCache.noindex/DiskArbitration-64UAR06P7GTZGS1CKZKCH83R3.pcm

SwiftExplicitDependencyGeneratePcm x86_64 /Volumes/SN550-2T/freewind-demos/swift-string-operations-demo/build/out/DerivedData/ModuleCache.noindex/CoreServices-NVPPPGEJCZKW3LFUD1PZ6L23.pcm

SwiftExplicitDependencyGeneratePcm x86_64 /Volumes/SN550-2T/freewind-demos/swift-string-operations-demo/build/out/DerivedData/ModuleCache.noindex/Foundation-DXMSHH5IGGHHE77JO4R032VWZ.pcm

SwiftEmitModule normal x86_64 Emitting\ module\ for\ swift_string_operations_demo (in target 'swift_string_operations_demo' from project 'swift_string_operations_demo')

SwiftCompile normal x86_64 /Volumes/SN550-2T/freewind-demos/swift-string-operations-demo/Sources/main.swift (in target 'swift_string_operations_demo' from project 'swift_string_operations_demo')
    cd /Volumes/SN550-2T/freewind-demos/swift-string-operations-demo
    

SwiftCompile normal x86_64 Compiling\ main.swift /Volumes/SN550-2T/freewind-demos/swift-string-operations-demo/Sources/main.swift (in target 'swift_string_operations_demo' from project 'swift_string_operations_demo')
SwiftCompile normal x86_64 /Volumes/SN550-2T/freewind-demos/swift-string-operations-demo/Sources/main.swift (in target 'swift_string_operations_demo' from project 'swift_string_operations_demo')
    cd /Volumes/SN550-2T/freewind-demos/swift-string-operations-demo
    

SwiftDriverJobDiscovery normal x86_64 Emitting module for swift_string_operations_demo (in target 'swift_string_operations_demo' from project 'swift_string_operations_demo')

SwiftDriver\ Compilation\ Requirements swift_string_operations_demo normal x86_64 com.apple.xcode.tools.swift.compiler (in target 'swift_string_operations_demo' from project 'swift_string_operations_demo')
    cd /Volumes/SN550-2T/freewind-demos/swift-string-operations-demo
    builtin-Swift-Compilation-Requirements -- /Applications/Xcode.app/Contents/Developer/Toolchains/XcodeDefault.xctoolchain/usr/bin/swiftc -module-name swift_string_operations_demo -Onone -enforce-exclusivity\=checked @/Volumes/SN550-2T/freewind-demos/swift-string-operations-demo/build/out/DerivedData/Build/Intermediates.noindex/swift_string_operations_demo.build/Debug/swift_string_operations_demo.build/Objects-normal/x86_64/swift_string_operations_demo.SwiftFileList -DDEBUG -enable-bare-slash-regex -enable-experimental-feature DebugDescriptionMacro -sdk /Applications/Xcode.app/Contents/Developer/Platforms/MacOSX.platform/Developer/SDKs/MacOSX26.2.sdk -target x86_64-apple-macos14.0 -g -module-cache-path /Volumes/SN550-2T/freewind-demos/swift-string-operations-demo/build/out/DerivedData/ModuleCache.noindex -Xfrontend -serialize-debugging-options -enable-testing -index-store-path /Volumes/SN550-2T/freewind-demos/swift-string-operations-demo/build/out/DerivedData/Index.noindex/DataStore -Xcc -D_LIBCPP_HARDENING_MODE\=_LIBCPP_HARDENING_MODE_DEBUG -swift-version 5 -I /Volumes/SN550-2T/freewind-demos/swift-string-operations-demo/build/out/Debug -F /Volumes/SN550-2T/freewind-demos/swift-string-operations-demo/build/out/Debug -c -j12 -enable-batch-mode -incremental -Xcc -ivfsstatcache -Xcc /Volumes/SN550-2T/freewind-demos/swift-string-operations-demo/build/out/DerivedData/SDKStatCaches.noindex/macosx26.2-25C58-00fa09913b459cbbc988d1f6730289ae.sdkstatcache -output-file-map /Volumes/SN550-2T/freewind-demos/swift-string-operations-demo/build/out/DerivedData/Build/Intermediates.noindex/swift_string_operations_demo.build/Debug/swift_string_operations_demo.build/Objects-normal/x86_64/swift_string_operations_demo-OutputFileMap.json -use-frontend-parseable-output -save-temps -no-color-diagnostics -explicit-module-build -module-cache-path /Volumes/SN550-2T/freewind-demos/swift-string-operations-demo/build/out/DerivedData/Build/Intermediates.noindex/SwiftExplicitPrecompiledModules -clang-scanner-module-cache-path /Volumes/SN550-2T/freewind-demos/swift-string-operations-demo/build/out/DerivedData/ModuleCache.noindex -sdk-module-cache-path /Volumes/SN550-2T/freewind-demos/swift-string-operations-demo/build/out/DerivedData/ModuleCache.noindex -serialize-diagnostics -emit-dependencies -emit-module -emit-module-path /Volumes/SN550-2T/freewind-demos/swift-string-operations-demo/build/out/DerivedData/Build/Intermediates.noindex/swift_string_operations_demo.build/Debug/swift_string_operations_demo.build/Objects-normal/x86_64/swift_string_operations_demo.swiftmodule -validate-clang-modules-once -clang-build-session-file /Volumes/SN550-2T/freewind-demos/swift-string-operations-demo/build/out/DerivedData/ModuleCache.noindex/Session.modulevalidation -Xcc -I/Volumes/SN550-2T/freewind-demos/swift-string-operations-demo/build/out/DerivedData/Build/Intermediates.noindex/swift_string_operations_demo.build/Debug/swift_string_operations_demo.build/swift-overrides.hmap -emit-const-values -Xfrontend -const-gather-protocols-file -Xfrontend /Volumes/SN550-2T/freewind-demos/swift-string-operations-demo/build/out/DerivedData/Build/Intermediates.noindex/swift_string_operations_demo.build/Debug/swift_string_operations_demo.build/Objects-normal/x86_64/swift_string_operations_demo_const_extract_protocols.json -Xcc -iquote -Xcc /Volumes/SN550-2T/freewind-demos/swift-string-operations-demo/build/out/DerivedData/Build/Intermediates.noindex/swift_string_operations_demo.build/Debug/swift_string_operations_demo.build/swift_string_operations_demo-generated-files.hmap -Xcc -I/Volumes/SN550-2T/freewind-demos/swift-string-operations-demo/build/out/DerivedData/Build/Intermediates.noindex/swift_string_operations_demo.build/Debug/swift_string_operations_demo.build/swift_string_operations_demo-own-target-headers.hmap -Xcc -I/Volumes/SN550-2T/freewind-demos/swift-string-operations-demo/build/out/DerivedData/Build/Intermediates.noindex/swift_string_operations_demo.build/Debug/swift_string_operations_demo.build/swift_string_operations_demo-all-target-headers.hmap -Xcc -iquote -Xcc /Volumes/SN550-2T/freewind-demos/swift-string-operations-demo/build/out/DerivedData/Build/Intermediates.noindex/swift_string_operations_demo.build/Debug/swift_string_operations_demo.build/swift_string_operations_demo-project-headers.hmap -Xcc -I/Volumes/SN550-2T/freewind-demos/swift-string-operations-demo/build/out/Debug/include -Xcc -I/Volumes/SN550-2T/freewind-demos/swift-string-operations-demo/build/out/DerivedData/Build/Intermediates.noindex/swift_string_operations_demo.build/Debug/swift_string_operations_demo.build/DerivedSources-normal/x86_64 -Xcc -I/Volumes/SN550-2T/freewind-demos/swift-string-operations-demo/build/out/DerivedData/Build/Intermediates.noindex/swift_string_operations_demo.build/Debug/swift_string_operations_demo.build/DerivedSources/x86_64 -Xcc -I/Volumes/SN550-2T/freewind-demos/swift-string-operations-demo/build/out/DerivedData/Build/Intermediates.noindex/swift_string_operations_demo.build/Debug/swift_string_operations_demo.build/DerivedSources -Xcc -DDEBUG\=1 -emit-objc-header -emit-objc-header-path /Volumes/SN550-2T/freewind-demos/swift-string-operations-demo/build/out/DerivedData/Build/Intermediates.noindex/swift_string_operations_demo.build/Debug/swift_string_operations_demo.build/Objects-normal/x86_64/swift_string_operations_demo-Swift.h -working-directory /Volumes/SN550-2T/freewind-demos/swift-string-operations-demo -experimental-emit-module-separately -disable-cmo

SwiftMergeGeneratedHeaders /Volumes/SN550-2T/freewind-demos/swift-string-operations-demo/build/out/DerivedData/Build/Intermediates.noindex/swift_string_operations_demo.build/Debug/swift_string_operations_demo.build/DerivedSources/swift_string_operations_demo-Swift.h /Volumes/SN550-2T/freewind-demos/swift-string-operations-demo/build/out/DerivedData/Build/Intermediates.noindex/swift_string_operations_demo.build/Debug/swift_string_operations_demo.build/Objects-normal/x86_64/swift_string_operations_demo-Swift.h (in target 'swift_string_operations_demo' from project 'swift_string_operations_demo')
    cd /Volumes/SN550-2T/freewind-demos/swift-string-operations-demo
    builtin-swiftHeaderTool -arch x86_64 /Volumes/SN550-2T/freewind-demos/swift-string-operations-demo/build/out/DerivedData/Build/Intermediates.noindex/swift_string_operations_demo.build/Debug/swift_string_operations_demo.build/Objects-normal/x86_64/swift_string_operations_demo-Swift.h -o /Volumes/SN550-2T/freewind-demos/swift-string-operations-demo/build/out/DerivedData/Build/Intermediates.noindex/swift_string_operations_demo.build/Debug/swift_string_operations_demo.build/DerivedSources/swift_string_operations_demo-Swift.h

Copy /Volumes/SN550-2T/freewind-demos/swift-string-operations-demo/build/out/Debug/swift_string_operations_demo.swiftmodule/x86_64-apple-macos.swiftdoc /Volumes/SN550-2T/freewind-demos/swift-string-operations-demo/build/out/DerivedData/Build/Intermediates.noindex/swift_string_operations_demo.build/Debug/swift_string_operations_demo.build/Objects-normal/x86_64/swift_string_operations_demo.swiftdoc (in target 'swift_string_operations_demo' from project 'swift_string_operations_demo')
    cd /Volumes/SN550-2T/freewind-demos/swift-string-operations-demo
    builtin-copy -exclude .DS_Store -exclude CVS -exclude .svn -exclude .git -exclude .hg -resolve-src-symlinks -rename /Volumes/SN550-2T/freewind-demos/swift-string-operations-demo/build/out/DerivedData/Build/Intermediates.noindex/swift_string_operations_demo.build/Debug/swift_string_operations_demo.build/Objects-normal/x86_64/swift_string_operations_demo.swiftdoc /Volumes/SN550-2T/freewind-demos/swift-string-operations-demo/build/out/Debug/swift_string_operations_demo.swiftmodule/x86_64-apple-macos.swiftdoc

Copy /Volumes/SN550-2T/freewind-demos/swift-string-operations-demo/build/out/Debug/swift_string_operations_demo.swiftmodule/x86_64-apple-macos.abi.json /Volumes/SN550-2T/freewind-demos/swift-string-operations-demo/build/out/DerivedData/Build/Intermediates.noindex/swift_string_operations_demo.build/Debug/swift_string_operations_demo.build/Objects-normal/x86_64/swift_string_operations_demo.abi.json (in target 'swift_string_operations_demo' from project 'swift_string_operations_demo')
    cd /Volumes/SN550-2T/freewind-demos/swift-string-operations-demo
    builtin-copy -exclude .DS_Store -exclude CVS -exclude .svn -exclude .git -exclude .hg -resolve-src-symlinks -rename /Volumes/SN550-2T/freewind-demos/swift-string-operations-demo/build/out/DerivedData/Build/Intermediates.noindex/swift_string_operations_demo.build/Debug/swift_string_operations_demo.build/Objects-normal/x86_64/swift_string_operations_demo.abi.json /Volumes/SN550-2T/freewind-demos/swift-string-operations-demo/build/out/Debug/swift_string_operations_demo.swiftmodule/x86_64-apple-macos.abi.json

Copy /Volumes/SN550-2T/freewind-demos/swift-string-operations-demo/build/out/Debug/swift_string_operations_demo.swiftmodule/x86_64-apple-macos.swiftmodule /Volumes/SN550-2T/freewind-demos/swift-string-operations-demo/build/out/DerivedData/Build/Intermediates.noindex/swift_string_operations_demo.build/Debug/swift_string_operations_demo.build/Objects-normal/x86_64/swift_string_operations_demo.swiftmodule (in target 'swift_string_operations_demo' from project 'swift_string_operations_demo')
    cd /Volumes/SN550-2T/freewind-demos/swift-string-operations-demo
    builtin-copy -exclude .DS_Store -exclude CVS -exclude .svn -exclude .git -exclude .hg -resolve-src-symlinks -rename /Volumes/SN550-2T/freewind-demos/swift-string-operations-demo/build/out/DerivedData/Build/Intermediates.noindex/swift_string_operations_demo.build/Debug/swift_string_operations_demo.build/Objects-normal/x86_64/swift_string_operations_demo.swiftmodule /Volumes/SN550-2T/freewind-demos/swift-string-operations-demo/build/out/Debug/swift_string_operations_demo.swiftmodule/x86_64-apple-macos.swiftmodule

Copy /Volumes/SN550-2T/freewind-demos/swift-string-operations-demo/build/out/Debug/swift_string_operations_demo.swiftmodule/Project/x86_64-apple-macos.swiftsourceinfo /Volumes/SN550-2T/freewind-demos/swift-string-operations-demo/build/out/DerivedData/Build/Intermediates.noindex/swift_string_operations_demo.build/Debug/swift_string_operations_demo.build/Objects-normal/x86_64/swift_string_operations_demo.swiftsourceinfo (in target 'swift_string_operations_demo' from project 'swift_string_operations_demo')
    cd /Volumes/SN550-2T/freewind-demos/swift-string-operations-demo
    builtin-copy -exclude .DS_Store -exclude CVS -exclude .svn -exclude .git -exclude .hg -resolve-src-symlinks -rename /Volumes/SN550-2T/freewind-demos/swift-string-operations-demo/build/out/DerivedData/Build/Intermediates.noindex/swift_string_operations_demo.build/Debug/swift_string_operations_demo.build/Objects-normal/x86_64/swift_string_operations_demo.swiftsourceinfo /Volumes/SN550-2T/freewind-demos/swift-string-operations-demo/build/out/Debug/swift_string_operations_demo.swiftmodule/Project/x86_64-apple-macos.swiftsourceinfo

SwiftDriverJobDiscovery normal x86_64 Compiling main.swift (in target 'swift_string_operations_demo' from project 'swift_string_operations_demo')

SwiftDriver\ Compilation swift_string_operations_demo normal x86_64 com.apple.xcode.tools.swift.compiler (in target 'swift_string_operations_demo' from project 'swift_string_operations_demo')
    cd /Volumes/SN550-2T/freewind-demos/swift-string-operations-demo
    builtin-Swift-Compilation -- /Applications/Xcode.app/Contents/Developer/Toolchains/XcodeDefault.xctoolchain/usr/bin/swiftc -module-name swift_string_operations_demo -Onone -enforce-exclusivity\=checked @/Volumes/SN550-2T/freewind-demos/swift-string-operations-demo/build/out/DerivedData/Build/Intermediates.noindex/swift_string_operations_demo.build/Debug/swift_string_operations_demo.build/Objects-normal/x86_64/swift_string_operations_demo.SwiftFileList -DDEBUG -enable-bare-slash-regex -enable-experimental-feature DebugDescriptionMacro -sdk /Applications/Xcode.app/Contents/Developer/Platforms/MacOSX.platform/Developer/SDKs/MacOSX26.2.sdk -target x86_64-apple-macos14.0 -g -module-cache-path /Volumes/SN550-2T/freewind-demos/swift-string-operations-demo/build/out/DerivedData/ModuleCache.noindex -Xfrontend -serialize-debugging-options -enable-testing -index-store-path /Volumes/SN550-2T/freewind-demos/swift-string-operations-demo/build/out/DerivedData/Index.noindex/DataStore -Xcc -D_LIBCPP_HARDENING_MODE\=_LIBCPP_HARDENING_MODE_DEBUG -swift-version 5 -I /Volumes/SN550-2T/freewind-demos/swift-string-operations-demo/build/out/Debug -F /Volumes/SN550-2T/freewind-demos/swift-string-operations-demo/build/out/Debug -c -j12 -enable-batch-mode -incremental -Xcc -ivfsstatcache -Xcc /Volumes/SN550-2T/freewind-demos/swift-string-operations-demo/build/out/DerivedData/SDKStatCaches.noindex/macosx26.2-25C58-00fa09913b459cbbc988d1f6730289ae.sdkstatcache -output-file-map /Volumes/SN550-2T/freewind-demos/swift-string-operations-demo/build/out/DerivedData/Build/Intermediates.noindex/swift_string_operations_demo.build/Debug/swift_string_operations_demo.build/Objects-normal/x86_64/swift_string_operations_demo-OutputFileMap.json -use-frontend-parseable-output -save-temps -no-color-diagnostics -explicit-module-build -module-cache-path /Volumes/SN550-2T/freewind-demos/swift-string-operations-demo/build/out/DerivedData/Build/Intermediates.noindex/SwiftExplicitPrecompiledModules -clang-scanner-module-cache-path /Volumes/SN550-2T/freewind-demos/swift-string-operations-demo/build/out/DerivedData/ModuleCache.noindex -sdk-module-cache-path /Volumes/SN550-2T/freewind-demos/swift-string-operations-demo/build/out/DerivedData/ModuleCache.noindex -serialize-diagnostics -emit-dependencies -emit-module -emit-module-path /Volumes/SN550-2T/freewind-demos/swift-string-operations-demo/build/out/DerivedData/Build/Intermediates.noindex/swift_string_operations_demo.build/Debug/swift_string_operations_demo.build/Objects-normal/x86_64/swift_string_operations_demo.swiftmodule -validate-clang-modules-once -clang-build-session-file /Volumes/SN550-2T/freewind-demos/swift-string-operations-demo/build/out/DerivedData/ModuleCache.noindex/Session.modulevalidation -Xcc -I/Volumes/SN550-2T/freewind-demos/swift-string-operations-demo/build/out/DerivedData/Build/Intermediates.noindex/swift_string_operations_demo.build/Debug/swift_string_operations_demo.build/swift-overrides.hmap -emit-const-values -Xfrontend -const-gather-protocols-file -Xfrontend /Volumes/SN550-2T/freewind-demos/swift-string-operations-demo/build/out/DerivedData/Build/Intermediates.noindex/swift_string_operations_demo.build/Debug/swift_string_operations_demo.build/Objects-normal/x86_64/swift_string_operations_demo_const_extract_protocols.json -Xcc -iquote -Xcc /Volumes/SN550-2T/freewind-demos/swift-string-operations-demo/build/out/DerivedData/Build/Intermediates.noindex/swift_string_operations_demo.build/Debug/swift_string_operations_demo.build/swift_string_operations_demo-generated-files.hmap -Xcc -I/Volumes/SN550-2T/freewind-demos/swift-string-operations-demo/build/out/DerivedData/Build/Intermediates.noindex/swift_string_operations_demo.build/Debug/swift_string_operations_demo.build/swift_string_operations_demo-own-target-headers.hmap -Xcc -I/Volumes/SN550-2T/freewind-demos/swift-string-operations-demo/build/out/DerivedData/Build/Intermediates.noindex/swift_string_operations_demo.build/Debug/swift_string_operations_demo.build/swift_string_operations_demo-all-target-headers.hmap -Xcc -iquote -Xcc /Volumes/SN550-2T/freewind-demos/swift-string-operations-demo/build/out/DerivedData/Build/Intermediates.noindex/swift_string_operations_demo.build/Debug/swift_string_operations_demo.build/swift_string_operations_demo-project-headers.hmap -Xcc -I/Volumes/SN550-2T/freewind-demos/swift-string-operations-demo/build/out/Debug/include -Xcc -I/Volumes/SN550-2T/freewind-demos/swift-string-operations-demo/build/out/DerivedData/Build/Intermediates.noindex/swift_string_operations_demo.build/Debug/swift_string_operations_demo.build/DerivedSources-normal/x86_64 -Xcc -I/Volumes/SN550-2T/freewind-demos/swift-string-operations-demo/build/out/DerivedData/Build/Intermediates.noindex/swift_string_operations_demo.build/Debug/swift_string_operations_demo.build/DerivedSources/x86_64 -Xcc -I/Volumes/SN550-2T/freewind-demos/swift-string-operations-demo/build/out/DerivedData/Build/Intermediates.noindex/swift_string_operations_demo.build/Debug/swift_string_operations_demo.build/DerivedSources -Xcc -DDEBUG\=1 -emit-objc-header -emit-objc-header-path /Volumes/SN550-2T/freewind-demos/swift-string-operations-demo/build/out/DerivedData/Build/Intermediates.noindex/swift_string_operations_demo.build/Debug/swift_string_operations_demo.build/Objects-normal/x86_64/swift_string_operations_demo-Swift.h -working-directory /Volumes/SN550-2T/freewind-demos/swift-string-operations-demo -experimental-emit-module-separately -disable-cmo

Ld /Volumes/SN550-2T/freewind-demos/swift-string-operations-demo/build/out/Debug/swift_string_operations_demo.app/Contents/MacOS/swift_string_operations_demo.debug.dylib normal (in target 'swift_string_operations_demo' from project 'swift_string_operations_demo')
    cd /Volumes/SN550-2T/freewind-demos/swift-string-operations-demo
    /Applications/Xcode.app/Contents/Developer/Toolchains/XcodeDefault.xctoolchain/usr/bin/clang -Xlinker -reproducible -target x86_64-apple-macos14.0 -dynamiclib -isysroot /Applications/Xcode.app/Contents/Developer/Platforms/MacOSX.platform/Developer/SDKs/MacOSX26.2.sdk -O0 -L/Volumes/SN550-2T/freewind-demos/swift-string-operations-demo/build/out/DerivedData/Build/Intermediates.noindex/EagerLinkingTBDs/Debug -L/Volumes/SN550-2T/freewind-demos/swift-string-operations-demo/build/out/Debug -F/Volumes/SN550-2T/freewind-demos/swift-string-operations-demo/build/out/DerivedData/Build/Intermediates.noindex/EagerLinkingTBDs/Debug -F/Volumes/SN550-2T/freewind-demos/swift-string-operations-demo/build/out/Debug -filelist /Volumes/SN550-2T/freewind-demos/swift-string-operations-demo/build/out/DerivedData/Build/Intermediates.noindex/swift_string_operations_demo.build/Debug/swift_string_operations_demo.build/Objects-normal/x86_64/swift_string_operations_demo.LinkFileList -install_name @rpath/swift_string_operations_demo.debug.dylib -Xlinker -rpath -Xlinker /usr/lib/swift -Xlinker -rpath -Xlinker @executable_path/../Frameworks -Xlinker -object_path_lto -Xlinker /Volumes/SN550-2T/freewind-demos/swift-string-operations-demo/build/out/DerivedData/Build/Intermediates.noindex/swift_string_operations_demo.build/Debug/swift_string_operations_demo.build/Objects-normal/x86_64/swift_string_operations_demo_lto.o -rdynamic -Xlinker -no_deduplicate -Xlinker -dependency_info -Xlinker /Volumes/SN550-2T/freewind-demos/swift-string-operations-demo/build/out/DerivedData/Build/Intermediates.noindex/swift_string_operations_demo.build/Debug/swift_string_operations_demo.build/Objects-normal/x86_64/swift_string_operations_demo_dependency_info.dat -fobjc-link-runtime -L/Applications/Xcode.app/Contents/Developer/Toolchains/XcodeDefault.xctoolchain/usr/lib/swift/macosx -L/usr/lib/swift -Xlinker -add_ast_path -Xlinker /Volumes/SN550-2T/freewind-demos/swift-string-operations-demo/build/out/DerivedData/Build/Intermediates.noindex/swift_string_operations_demo.build/Debug/swift_string_operations_demo.build/Objects-normal/x86_64/swift_string_operations_demo.swiftmodule @/Volumes/SN550-2T/freewind-demos/swift-string-operations-demo/build/out/DerivedData/Build/Intermediates.noindex/swift_string_operations_demo.build/Debug/swift_string_operations_demo.build/Objects-normal/x86_64/swift_string_operations_demo-linker-args.resp -Xlinker -alias -Xlinker _main -Xlinker ___debug_main_executable_dylib_entry_point -Xlinker -no_adhoc_codesign -o /Volumes/SN550-2T/freewind-demos/swift-string-operations-demo/build/out/Debug/swift_string_operations_demo.app/Contents/MacOS/swift_string_operations_demo.debug.dylib

ConstructStubExecutorLinkFileList /Volumes/SN550-2T/freewind-demos/swift-string-operations-demo/build/out/DerivedData/Build/Intermediates.noindex/swift_string_operations_demo.build/Debug/swift_string_operations_demo.build/swift_string_operations_demo-ExecutorLinkFileList-normal-x86_64.txt (in target 'swift_string_operations_demo' from project 'swift_string_operations_demo')
    cd /Volumes/SN550-2T/freewind-demos/swift-string-operations-demo
    construct-stub-executor-link-file-list /Volumes/SN550-2T/freewind-demos/swift-string-operations-demo/build/out/Debug/swift_string_operations_demo.app/Contents/MacOS/swift_string_operations_demo.debug.dylib /Applications/Xcode.app/Contents/Developer/Platforms/MacOSX.platform/Developer/usr/lib/libPreviewsJITStubExecutor_no_swift_entry_point.a /Applications/Xcode.app/Contents/Developer/Platforms/MacOSX.platform/Developer/usr/lib/libPreviewsJITStubExecutor.a --output /Volumes/SN550-2T/freewind-demos/swift-string-operations-demo/build/out/DerivedData/Build/Intermediates.noindex/swift_string_operations_demo.build/Debug/swift_string_operations_demo.build/swift_string_operations_demo-ExecutorLinkFileList-normal-x86_64.txt
note: Using stub executor library with Swift entry point. (in target 'swift_string_operations_demo' from project 'swift_string_operations_demo')

Ld /Volumes/SN550-2T/freewind-demos/swift-string-operations-demo/build/out/Debug/swift_string_operations_demo.app/Contents/MacOS/swift_string_operations_demo normal (in target 'swift_string_operations_demo' from project 'swift_string_operations_demo')
    cd /Volumes/SN550-2T/freewind-demos/swift-string-operations-demo
    /Applications/Xcode.app/Contents/Developer/Toolchains/XcodeDefault.xctoolchain/usr/bin/clang -Xlinker -reproducible -target x86_64-apple-macos14.0 -isysroot /Applications/Xcode.app/Contents/Developer/Platforms/MacOSX.platform/Developer/SDKs/MacOSX26.2.sdk -O0 -L/Volumes/SN550-2T/freewind-demos/swift-string-operations-demo/build/out/Debug -F/Volumes/SN550-2T/freewind-demos/swift-string-operations-demo/build/out/Debug -Xlinker -rpath -Xlinker @executable_path -Xlinker -rpath -Xlinker @executable_path/../Frameworks -rdynamic -Xlinker -no_deduplicate -e ___debug_blank_executor_main -Xlinker -sectcreate -Xlinker __TEXT -Xlinker __debug_dylib -Xlinker /Volumes/SN550-2T/freewind-demos/swift-string-operations-demo/build/out/DerivedData/Build/Intermediates.noindex/swift_string_operations_demo.build/Debug/swift_string_operations_demo.build/swift_string_operations_demo-DebugDylibPath-normal-x86_64.txt -Xlinker -sectcreate -Xlinker __TEXT -Xlinker __debug_instlnm -Xlinker /Volumes/SN550-2T/freewind-demos/swift-string-operations-demo/build/out/DerivedData/Build/Intermediates.noindex/swift_string_operations_demo.build/Debug/swift_string_operations_demo.build/swift_string_operations_demo-DebugDylibInstallName-normal-x86_64.txt -Xlinker -filelist -Xlinker /Volumes/SN550-2T/freewind-demos/swift-string-operations-demo/build/out/DerivedData/Build/Intermediates.noindex/swift_string_operations_demo.build/Debug/swift_string_operations_demo.build/swift_string_operations_demo-ExecutorLinkFileList-normal-x86_64.txt /Volumes/SN550-2T/freewind-demos/swift-string-operations-demo/build/out/Debug/swift_string_operations_demo.app/Contents/MacOS/swift_string_operations_demo.debug.dylib -Xlinker -no_adhoc_codesign -o /Volumes/SN550-2T/freewind-demos/swift-string-operations-demo/build/out/Debug/swift_string_operations_demo.app/Contents/MacOS/swift_string_operations_demo

CopySwiftLibs /Volumes/SN550-2T/freewind-demos/swift-string-operations-demo/build/out/Debug/swift_string_operations_demo.app (in target 'swift_string_operations_demo' from project 'swift_string_operations_demo')
    cd /Volumes/SN550-2T/freewind-demos/swift-string-operations-demo
    builtin-swiftStdLibTool --copy --verbose --sign - --scan-executable /Volumes/SN550-2T/freewind-demos/swift-string-operations-demo/build/out/Debug/swift_string_operations_demo.app/Contents/MacOS/swift_string_operations_demo.debug.dylib --scan-folder /Volumes/SN550-2T/freewind-demos/swift-string-operations-demo/build/out/Debug/swift_string_operations_demo.app/Contents/Frameworks --scan-folder /Volumes/SN550-2T/freewind-demos/swift-string-operations-demo/build/out/Debug/swift_string_operations_demo.app/Contents/PlugIns --scan-folder /Volumes/SN550-2T/freewind-demos/swift-string-operations-demo/build/out/Debug/swift_string_operations_demo.app/Contents/Library/SystemExtensions --scan-folder /Volumes/SN550-2T/freewind-demos/swift-string-operations-demo/build/out/Debug/swift_string_operations_demo.app/Contents/Extensions --platform macosx --toolchain /Applications/Xcode.app/Contents/Developer/Toolchains/XcodeDefault.xctoolchain --destination /Volumes/SN550-2T/freewind-demos/swift-string-operations-demo/build/out/Debug/swift_string_operations_demo.app/Contents/Frameworks --strip-bitcode --strip-bitcode-tool /Applications/Xcode.app/Contents/Developer/Toolchains/XcodeDefault.xctoolchain/usr/bin/bitcode_strip --emit-dependency-info /Volumes/SN550-2T/freewind-demos/swift-string-operations-demo/build/out/DerivedData/Build/Intermediates.noindex/swift_string_operations_demo.build/Debug/swift_string_operations_demo.build/SwiftStdLibToolInputDependencies.dep --filter-for-swift-os --back-deploy-swift-span

ExtractAppIntentsMetadata (in target 'swift_string_operations_demo' from project 'swift_string_operations_demo')
    cd /Volumes/SN550-2T/freewind-demos/swift-string-operations-demo
    /Applications/Xcode.app/Contents/Developer/Toolchains/XcodeDefault.xctoolchain/usr/bin/appintentsmetadataprocessor --toolchain-dir /Applications/Xcode.app/Contents/Developer/Toolchains/XcodeDefault.xctoolchain --module-name swift_string_operations_demo --sdk-root /Applications/Xcode.app/Contents/Developer/Platforms/MacOSX.platform/Developer/SDKs/MacOSX26.2.sdk --xcode-version 17C529 --platform-family macOS --deployment-target 14.0 --bundle-identifier com.freewind.swiftstringoperationsdemo --output /Volumes/SN550-2T/freewind-demos/swift-string-operations-demo/build/out/Debug/swift_string_operations_demo.app/Contents/Resources --target-triple x86_64-apple-macos14.0 --binary-file /Volumes/SN550-2T/freewind-demos/swift-string-operations-demo/build/out/Debug/swift_string_operations_demo.app/Contents/MacOS/swift_string_operations_demo --dependency-file /Volumes/SN550-2T/freewind-demos/swift-string-operations-demo/build/out/DerivedData/Build/Intermediates.noindex/swift_string_operations_demo.build/Debug/swift_string_operations_demo.build/Objects-normal/x86_64/swift_string_operations_demo_dependency_info.dat --stringsdata-file /Volumes/SN550-2T/freewind-demos/swift-string-operations-demo/build/out/DerivedData/Build/Intermediates.noindex/swift_string_operations_demo.build/Debug/swift_string_operations_demo.build/Objects-normal/x86_64/ExtractedAppShortcutsMetadata.stringsdata --source-file-list /Volumes/SN550-2T/freewind-demos/swift-string-operations-demo/build/out/DerivedData/Build/Intermediates.noindex/swift_string_operations_demo.build/Debug/swift_string_operations_demo.build/Objects-normal/x86_64/swift_string_operations_demo.SwiftFileList --metadata-file-list /Volumes/SN550-2T/freewind-demos/swift-string-operations-demo/build/out/DerivedData/Build/Intermediates.noindex/swift_string_operations_demo.build/Debug/swift_string_operations_demo.build/swift_string_operations_demo.DependencyMetadataFileList --static-metadata-file-list /Volumes/SN550-2T/freewind-demos/swift-string-operations-demo/build/out/DerivedData/Build/Intermediates.noindex/swift_string_operations_demo.build/Debug/swift_string_operations_demo.build/swift_string_operations_demo.DependencyStaticMetadataFileList --swift-const-vals-list /Volumes/SN550-2T/freewind-demos/swift-string-operations-demo/build/out/DerivedData/Build/Intermediates.noindex/swift_string_operations_demo.build/Debug/swift_string_operations_demo.build/Objects-normal/x86_64/swift_string_operations_demo.SwiftConstValuesFileList --compile-time-extraction --deployment-aware-processing --validate-assistant-intents --no-app-shortcuts-localization
2026-05-19 17:13:20.305 appintentsmetadataprocessor[43905:3603511] Starting appintentsmetadataprocessor export
2026-05-19 17:13:20.308 appintentsmetadataprocessor[43905:3603511] warning: Metadata extraction skipped. No AppIntents.framework dependency found.

CodeSign /Volumes/SN550-2T/freewind-demos/swift-string-operations-demo/build/out/Debug/swift_string_operations_demo.app/Contents/MacOS/swift_string_operations_demo.debug.dylib (in target 'swift_string_operations_demo' from project 'swift_string_operations_demo')
    cd /Volumes/SN550-2T/freewind-demos/swift-string-operations-demo
    
    Signing Identity:     "Sign to Run Locally"
    
    /usr/bin/codesign --force --sign - --timestamp\=none --generate-entitlement-der /Volumes/SN550-2T/freewind-demos/swift-string-operations-demo/build/out/Debug/swift_string_operations_demo.app/Contents/MacOS/swift_string_operations_demo.debug.dylib

CodeSign /Volumes/SN550-2T/freewind-demos/swift-string-operations-demo/build/out/Debug/swift_string_operations_demo.app/Contents/MacOS/__preview.dylib (in target 'swift_string_operations_demo' from project 'swift_string_operations_demo')
    cd /Volumes/SN550-2T/freewind-demos/swift-string-operations-demo
    
    Signing Identity:     "Sign to Run Locally"
    
    /usr/bin/codesign --force --sign - --timestamp\=none --generate-entitlement-der /Volumes/SN550-2T/freewind-demos/swift-string-operations-demo/build/out/Debug/swift_string_operations_demo.app/Contents/MacOS/__preview.dylib

CodeSign /Volumes/SN550-2T/freewind-demos/swift-string-operations-demo/build/out/Debug/swift_string_operations_demo.app (in target 'swift_string_operations_demo' from project 'swift_string_operations_demo')
    cd /Volumes/SN550-2T/freewind-demos/swift-string-operations-demo
    
    Signing Identity:     "Sign to Run Locally"
    
    /usr/bin/codesign --force --sign - --entitlements /Volumes/SN550-2T/freewind-demos/swift-string-operations-demo/build/out/DerivedData/Build/Intermediates.noindex/swift_string_operations_demo.build/Debug/swift_string_operations_demo.build/swift_string_operations_demo.app.xcent --timestamp\=none --generate-entitlement-der /Volumes/SN550-2T/freewind-demos/swift-string-operations-demo/build/out/Debug/swift_string_operations_demo.app

RegisterExecutionPolicyException /Volumes/SN550-2T/freewind-demos/swift-string-operations-demo/build/out/Debug/swift_string_operations_demo.app (in target 'swift_string_operations_demo' from project 'swift_string_operations_demo')
    cd /Volumes/SN550-2T/freewind-demos/swift-string-operations-demo
    builtin-RegisterExecutionPolicyException /Volumes/SN550-2T/freewind-demos/swift-string-operations-demo/build/out/Debug/swift_string_operations_demo.app

Validate /Volumes/SN550-2T/freewind-demos/swift-string-operations-demo/build/out/Debug/swift_string_operations_demo.app (in target 'swift_string_operations_demo' from project 'swift_string_operations_demo')
    cd /Volumes/SN550-2T/freewind-demos/swift-string-operations-demo
    builtin-validationUtility /Volumes/SN550-2T/freewind-demos/swift-string-operations-demo/build/out/Debug/swift_string_operations_demo.app -no-validate-extension -infoplist-subpath Contents/Info.plist

Touch /Volumes/SN550-2T/freewind-demos/swift-string-operations-demo/build/out/Debug/swift_string_operations_demo.app (in target 'swift_string_operations_demo' from project 'swift_string_operations_demo')
    cd /Volumes/SN550-2T/freewind-demos/swift-string-operations-demo
    /usr/bin/touch -c /Volumes/SN550-2T/freewind-demos/swift-string-operations-demo/build/out/Debug/swift_string_operations_demo.app

RegisterWithLaunchServices /Volumes/SN550-2T/freewind-demos/swift-string-operations-demo/build/out/Debug/swift_string_operations_demo.app (in target 'swift_string_operations_demo' from project 'swift_string_operations_demo')
    cd /Volumes/SN550-2T/freewind-demos/swift-string-operations-demo
    /System/Library/Frameworks/CoreServices.framework/Versions/Current/Frameworks/LaunchServices.framework/Versions/Current/Support/lsregister -f -R -trusted /Volumes/SN550-2T/freewind-demos/swift-string-operations-demo/build/out/Debug/swift_string_operations_demo.app

** BUILD SUCCEEDED **

